[2026-05-11 02:02:48] [INFO    ] [auth                ] [signals:log_user_login:11] User 'testuser' logged in successfully from IP: 127.0.0.1
[2026-05-11 02:02:48] [INFO    ] [users.views         ] [views:register:30] New user registered: testuser (email: test@test.com)
[2026-05-11 02:02:48] [INFO    ] [auth                ] [views:register:31] User testuser registered and logged in
[2026-05-11 02:02:49] [INFO    ] [auth                ] [signals:log_user_login:11] User 'testuser' logged in successfully from IP: 127.0.0.1
[2026-05-11 02:02:49] [INFO    ] [users.views         ] [views:register:30] New user registered: testuser (email: test@test.com)
[2026-05-11 02:02:49] [INFO    ] [auth                ] [views:register:31] User testuser registered and logged in
[2026-05-11 02:02:50] [WARNING ] [users.views         ] [views:register:37] Registration failed. Errors: <ul class="errorlist"><li>email<ul class="errorlist" id="id_email_error"><li>Пользователь с таким email уже существует.</li></ul></li></ul>
[2026-05-11 02:02:50] [WARNING ] [auth                ] [views:register:38] Failed registration attempt with data: newuser
[2026-05-11 02:02:51] [WARNING ] [users.views         ] [views:register:37] Registration failed. Errors: <ul class="errorlist"><li>username<ul class="errorlist" id="id_username_error"><li>A user with that username already exists.</li></ul></li></ul>
[2026-05-11 02:02:51] [WARNING ] [auth                ] [views:register:38] Failed registration attempt with data: testuser
[2026-05-11 02:02:53] [INFO    ] [auth                ] [signals:log_user_login:11] User 'testuser' logged in successfully from IP: None
[2026-05-11 02:02:53] [INFO    ] [users.views         ] [views:register:20] Authenticated user testuser tried to access register page
[2026-05-11 02:02:55] [INFO    ] [auth                ] [signals:log_user_login:11] User 'testuser' logged in successfully from IP: 127.0.0.1
[2026-05-11 02:02:56] [WARNING ] [auth                ] [signals:log_user_login_failed:27] Failed login attempt for user 'testuser' from IP: 127.0.0.1
[2026-05-11 02:02:58] [WARNING ] [auth                ] [signals:log_user_login_failed:27] Failed login attempt for user 'nonexistent' from IP: 127.0.0.1
[2026-05-11 02:03:00] [INFO    ] [auth                ] [signals:log_user_login:11] User 'testuser' logged in successfully from IP: None
[2026-05-11 02:03:00] [INFO    ] [auth                ] [signals:log_user_logout:18] User 'testuser' logged out
[2026-05-11 02:03:01] [INFO    ] [auth                ] [signals:log_user_login:11] User 'testuser' logged in successfully from IP: None
[2026-05-11 02:03:01] [INFO    ] [auth                ] [signals:log_user_logout:18] User 'testuser' logged out
[2026-05-11 02:03:02] [INFO    ] [auth                ] [signals:log_user_login:11] User 'testuser' logged in successfully from IP: 127.0.0.1
[2026-05-11 02:03:03] [INFO    ] [auth                ] [signals:log_user_login:11] User 'testuser' logged in successfully from IP: 127.0.0.1
[2026-05-11 02:03:03] [INFO    ] [users.views         ] [views:register:30] New user registered: testuser (email: test@test.com)
[2026-05-11 02:03:03] [INFO    ] [auth                ] [views:register:31] User testuser registered and logged in
[2026-05-11 02:03:05] [INFO    ] [auth                ] [signals:log_user_login:11] User 'testuser' logged in successfully from IP: None
[2026-05-11 02:03:06] [INFO    ] [users.views         ] [views:add_friend:140] User testuser added anotheruser as friend
[2026-05-11 02:03:07] [INFO    ] [auth                ] [signals:log_user_login:11] User 'testuser' logged in successfully from IP: None
[2026-05-11 02:03:08] [INFO    ] [users.views         ] [views:remove_friend:153] User testuser removed anotheruser from friends
[2026-05-11 02:03:09] [INFO    ] [auth                ] [signals:log_user_login:11] User 'testuser' logged in successfully from IP: None
[2026-05-11 02:03:09] [WARNING ] [users.views         ] [views:add_friend:133] User testuser tried to add self as friend
[2026-05-11 02:03:10] [INFO    ] [auth                ] [signals:log_user_login:11] User 'testuser' logged in successfully from IP: None
[2026-05-11 02:03:11] [INFO    ] [users.views         ] [views:add_friend:136] User testuser already friends with anotheruser
[2026-05-11 02:03:12] [INFO    ] [auth                ] [signals:log_user_login:11] User 'testuser' logged in successfully from IP: None
[2026-05-11 02:03:15] [INFO    ] [auth                ] [signals:log_user_login:11] User 'testuser' logged in successfully from IP: None
[2026-05-11 02:03:16] [INFO    ] [users.views         ] [views:add_friend:136] User testuser already friends with anotheruser
[2026-05-11 02:03:17] [INFO    ] [auth                ] [signals:log_user_login:11] User 'testuser' logged in successfully from IP: None
[2026-05-11 02:03:18] [INFO    ] [users.views         ] [views:remove_friend:153] User testuser removed anotheruser from friends
[2026-05-11 02:03:26] [INFO    ] [auth                ] [signals:log_user_login:11] User 'testuser' logged in successfully from IP: None
[2026-05-11 02:03:28] [INFO    ] [auth                ] [signals:log_user_login:11] User 'testuser' logged in successfully from IP: None
[2026-05-11 02:03:28] [WARNING ] [users.views         ] [views:user_detail:109] User testuser tried to view private profile of anotheruser
[2026-05-11 02:03:29] [INFO    ] [auth                ] [signals:log_user_login:11] User 'testuser' logged in successfully from IP: None
[2026-05-11 02:03:30] [INFO    ] [users.views         ] [views:user_detail:115] User testuser viewing profile of anotheruser
[2026-05-11 02:03:31] [INFO    ] [auth                ] [signals:log_user_login:11] User 'testuser' logged in successfully from IP: None
[2026-05-11 02:03:32] [INFO    ] [users.views         ] [views:user_detail:115] User testuser viewing profile of anotheruser
[2026-05-11 02:03:33] [INFO    ] [auth                ] [signals:log_user_login:11] User 'testuser' logged in successfully from IP: None
[2026-05-11 02:03:34] [INFO    ] [users.views         ] [views:user_detail:115] User testuser viewing profile of anotheruser
[2026-05-11 02:03:35] [INFO    ] [auth                ] [signals:log_user_login:11] User 'testuser' logged in successfully from IP: None
[2026-05-11 02:03:36] [INFO    ] [users.views         ] [views:user_detail:115] User testuser viewing profile of anotheruser
[2026-05-11 02:03:37] [INFO    ] [auth                ] [signals:log_user_login:11] User 'testuser' logged in successfully from IP: None
[2026-05-11 02:03:38] [INFO    ] [users.views         ] [views:user_detail:115] User testuser viewing profile of anotheruser
[2026-05-11 02:03:39] [INFO    ] [auth                ] [signals:log_user_login:11] User 'testuser' logged in successfully from IP: None
[2026-05-11 02:03:40] [WARNING ] [users.views         ] [views:user_detail:109] User testuser tried to view private profile of anotheruser
[2026-05-11 02:03:41] [INFO    ] [auth                ] [signals:log_user_login:11] User 'testuser' logged in successfully from IP: None
[2026-05-11 02:03:42] [INFO    ] [auth                ] [signals:log_user_login:11] User 'testuser' logged in successfully from IP: None
[2026-05-11 02:03:42] [WARNING ] [django.request      ] [log:log_message:249] Not Found: /users/users/99999/
[2026-05-11 02:03:43] [INFO    ] [auth                ] [signals:log_user_login:11] User 'testuser' logged in successfully from IP: None
[2026-05-11 02:03:43] [WARNING ] [users.views         ] [views:profile_edit:86] Profile update failed for testuser: <ul class="errorlist"><li>email<ul class="errorlist" id="id_email_error"><li>Enter a valid email address.</li></ul></li></ul>
[2026-05-11 02:03:45] [INFO    ] [auth                ] [signals:log_user_login:11] User 'testuser' logged in successfully from IP: None
[2026-05-11 02:03:45] [INFO    ] [users.views         ] [views:profile_edit:82] User testuser updated profile
[2026-05-11 02:04:43] [INFO    ] [django.utils.autoreload] [autoreload:run_with_reloader:681] Watching for file changes with StatReloader
[2026-05-11 02:10:20] [INFO    ] [users.views         ] [views:profile_edit:72] User wiacl uploaded valid avatar
[2026-05-11 02:10:20] [INFO    ] [users.views         ] [views:profile_edit:82] User wiacl updated profile
[2026-05-11 02:10:42] [INFO    ] [users.views         ] [views:profile_edit:72] User wiacl uploaded valid avatar
[2026-05-11 02:10:42] [INFO    ] [users.views         ] [views:profile_edit:82] User wiacl updated profile
[2026-05-11 02:12:42] [INFO    ] [django.utils.autoreload] [autoreload:trigger_reload:265] C:\Users\Andrey\Desktop\курс3\методыпрог\DSTU\users\forms.py changed, reloading.
[2026-05-11 02:12:43] [INFO    ] [django.utils.autoreload] [autoreload:run_with_reloader:681] Watching for file changes with StatReloader
[2026-05-11 02:15:01] [INFO    ] [django.utils.autoreload] [autoreload:run_with_reloader:681] Watching for file changes with StatReloader
[2026-05-11 02:15:07] [INFO    ] [django.utils.autoreload] [autoreload:trigger_reload:265] C:\Users\Andrey\Desktop\курс3\методыпрог\DSTU\users\apps.py changed, reloading.
[2026-05-11 02:15:08] [INFO    ] [django.utils.autoreload] [autoreload:run_with_reloader:681] Watching for file changes with StatReloader
[2026-05-11 02:15:09] [INFO    ] [django.utils.autoreload] [autoreload:trigger_reload:265] C:\Users\Andrey\Desktop\курс3\методыпрог\DSTU\users\models.py changed, reloading.
[2026-05-11 02:15:10] [INFO    ] [django.utils.autoreload] [autoreload:run_with_reloader:681] Watching for file changes with StatReloader
[2026-05-11 02:15:14] [WARNING ] [django.request      ] [log:log_message:249] Not Found: /media/\u0421\u0435\u043c\u0451\u043d.jpeg
[2026-05-11 02:15:25] [INFO    ] [users.views         ] [views:profile_edit:65] User wiacl updated profile
[2026-05-11 02:15:57] [INFO    ] [users.views         ] [views:profile_edit:65] User wiacl updated profile
[2026-05-11 02:16:13] [INFO    ] [users.views         ] [views:profile_edit:65] User wiacl updated profile
[2026-05-11 02:17:38] [INFO    ] [django.utils.autoreload] [autoreload:trigger_reload:265] C:\Users\Andrey\Desktop\курс3\методыпрог\DSTU\users\views.py changed, reloading.
[2026-05-11 02:17:39] [INFO    ] [django.utils.autoreload] [autoreload:run_with_reloader:681] Watching for file changes with StatReloader
